// Jest Snapshot v1, https://goo.gl/fbAQLP

exports[`PokemonPage tests should match with snapshot 1`] = `<h1>Loading...</h1>`;

exports[`PokemonPage tests should match with snapshot when pokemons exists 1`] = `
<div>
  <h1>Who's that pokemon?</h1>
  <pokemon-picture-stub pokemonid="1" showpokemon="false"></pokemon-picture-stub>
  <pokemon-options-stub pokemons="[object Object],[object Object],[object Object],[object Object]"></pokemon-options-stub>
  <!--v-if-->
</div>
`;
