// Jest Snapshot v1, https://goo.gl/fbAQLP

exports[`Pokemon Options component should match with snapshot 1`] = `
<div class="options-container">
  <ul>
    <li>bulbasaur</li>
    <li>mr-mime</li>
    <li>sunflora</li>
    <li>shaymin-land</li>
  </ul>
</div>
`;
